Warning: TTY mode is not supported on Windows platform.

  [30;42;1m PASS [39;49;22m[39m Tests\Unit\Console\KernelTest[39m
  [32;1mΓ£ô[39;22m[39m [2mconsole kernel can be instantiated[22m[39m
  [32;1mΓ£ô[39;22m[39m [2martisan command list works[22m[39m
  [32;1mΓ£ô[39;22m[39m [2martisan command help works[22m[39m

  [30;42;1m PASS [39;49;22m[39m Tests\Unit\ExampleTest[39m
  [32;1mΓ£ô[39;22m[39m [2mexample[22m[39m

  [30;42;1m PASS [39;49;22m[39m Tests\Unit\Http\MiddlewareTest[39m
  [32;1mΓ£ô[39;22m[39m [2mauthenticated middleware redirects unauthenticated users[22m[39m
  [32;1mΓ£ô[39;22m[39m [2mauthenticated middleware allows authenticated users[22m[39m
  [32;1mΓ£ô[39;22m[39m [2mguest middleware redirects authenticated users[22m[39m

  [30;42;1m PASS [39;49;22m[39m Tests\Unit\Models\AcaraTest[39m
  [32;1mΓ£ô[39;22m[39m [2macara model can be created[22m[39m
  [32;1mΓ£ô[39;22m[39m [2macara has fillable attributes[22m[39m
  [32;1mΓ£ô[39;22m[39m [2macara belongs to user[22m[39m
  [32;1mΓ£ô[39;22m[39m [2macara can be updated[22m[39m
  [32;1mΓ£ô[39;22m[39m [2macara can be deleted[22m[39m
  [32;1mΓ£ô[39;22m[39m [2macara has tanggal attribute[22m[39m

  [30;42;1m PASS [39;49;22m[39m Tests\Unit\Models\TugasTest[39m
  [32;1mΓ£ô[39;22m[39m [2mtugas model can be created[22m[39m
  [32;1mΓ£ô[39;22m[39m [2mtugas has fillable attributes[22m[39m
  [32;1mΓ£ô[39;22m[39m [2mtugas belongs to user[22m[39m
  [32;1mΓ£ô[39;22m[39m [2mtugas can be updated[22m[39m
  [32;1mΓ£ô[39;22m[39m [2mtugas can be deleted[22m[39m
  [32;1mΓ£ô[39;22m[39m [2mtugas has deadline attribute[22m[39m

  [30;42;1m PASS [39;49;22m[39m Tests\Unit\Models\UserTest[39m
  [32;1mΓ£ô[39;22m[39m [2muser model can be created[22m[39m
  [32;1mΓ£ô[39;22m[39m [2muser has fillable attributes[22m[39m
  [32;1mΓ£ô[39;22m[39m [2muser password is hidden in serialization[22m[39m
  [32;1mΓ£ô[39;22m[39m [2muser has tugas relationship[22m[39m
  [32;1mΓ£ô[39;22m[39m [2muser has acara relationship[22m[39m
  [32;1mΓ£ô[39;22m[39m [2muser can retrieve all tugas[22m[39m
  [32;1mΓ£ô[39;22m[39m [2muser can retrieve all acara[22m[39m
  [32;1mΓ£ô[39;22m[39m [2muser timestamps are cast properly[22m[39m
  [32;1mΓ£ô[39;22m[39m [2muser can update profile[22m[39m
  [32;1mΓ£ô[39;22m[39m [2muser can be deleted[22m[39m

  [30;42;1m PASS [39;49;22m[39m Tests\Feature\AcaraControllerAdvancedTest[39m
  [32;1mΓ£ô[39;22m[39m [2muser can create acara with detailed info[22m[39m
  [32;1mΓ£ô[39;22m[39m [2muser can create multiple acara[22m[39m
  [32;1mΓ£ô[39;22m[39m [2macara tanggal must be valid date[22m[39m
  [32;1mΓ£ô[39;22m[39m [2macara can be created with future date[22m[39m
  [32;1mΓ£ô[39;22m[39m [2macara can be created with today date[22m[39m
  [32;1mΓ£ô[39;22m[39m [2macara nama is required[22m[39m
  [32;1mΓ£ô[39;22m[39m [2macara tanggal is required[22m[39m
  [32;1mΓ£ô[39;22m[39m [2muser can delete own acara successfully[22m[39m
  [32;1mΓ£ô[39;22m[39m [2muser cannot delete other users acara[22m[39m
  [32;1mΓ£ô[39;22m[39m [2macara deletion shows success message[22m[39m
  [32;1mΓ£ô[39;22m[39m [2macara creation shows success message[22m[39m
  [32;1mΓ£ô[39;22m[39m [2macara long nama is rejected[22m[39m
  [32;1mΓ£ô[39;22m[39m [2macara creation sets user id automatically[22m[39m
  [32;1mΓ£ô[39;22m[39m [2mmultiple users can have acara with same name[22m[39m

  [30;42;1m PASS [39;49;22m[39m Tests\Feature\AcaraControllerTest[39m
  [32;1mΓ£ô[39;22m[39m [2mindex redirects to dashboard[22m[39m
  [32;1mΓ£ô[39;22m[39m [2mauthenticated user can create acara[22m[39m
  [32;1mΓ£ô[39;22m[39m [2macara store requires authenticated user[22m[39m
  [32;1mΓ£ô[39;22m[39m [2macara store validates required fields[22m[39m
  [32;1mΓ£ô[39;22m[39m [2macara store validates tanggal format[22m[39m
  [32;1mΓ£ô[39;22m[39m [2macara store validates nama acara max length[22m[39m
  [32;1mΓ£ô[39;22m[39m [2muser can delete own acara[22m[39m
  [32;1mΓ£ô[39;22m[39m [2muser cannot delete others acara[22m[39m
  [32;1mΓ£ô[39;22m[39m [2macara destroy requires authentication[22m[39m
  [32;1mΓ£ô[39;22m[39m [2muser sees success message after creating acara[22m[39m
  [32;1mΓ£ô[39;22m[39m [2muser sees success message after deleting acara[22m[39m

  [30;42;1m PASS [39;49;22m[39m Tests\Feature\AuthControllerAdvancedTest[39m
  [32;1mΓ£ô[39;22m[39m [2muser can see login form[22m[39m
  [32;1mΓ£ô[39;22m[39m [2muser can see register form[22m[39m
  [32;1mΓ£ô[39;22m[39m [2muser can logout[22m[39m
  [32;1mΓ£ô[39;22m[39m [2mauthenticated user cannot view login page[22m[39m
  [32;1mΓ£ô[39;22m[39m [2mauthenticated user cannot view register page[22m[39m
  [32;1mΓ£ô[39;22m[39m [2memail verification page shows for unverified user[22m[39m
  [32;1mΓ£ô[39;22m[39m [2mverified user can access dashboard[22m[39m

  [30;42;1m PASS [39;49;22m[39m Tests\Feature\Auth\AuthenticationTest[39m
  [32;1mΓ£ô[39;22m[39m [2mlogin screen can be rendered[22m[39m
  [32;1mΓ£ô[39;22m[39m [2musers can authenticate using the login screen[22m[39m
  [32;1mΓ£ô[39;22m[39m [2musers can not authenticate with invalid password[22m[39m

  [30;42;1m PASS [39;49;22m[39m Tests\Feature\Auth\EmailVerificationTest[39m
  [32;1mΓ£ô[39;22m[39m [2memail verification screen can be rendered[22m[39m
  [32;1mΓ£ô[39;22m[39m [2memail can be verified[22m[39m
  [32;1mΓ£ô[39;22m[39m [2memail is not verified with invalid hash[22m[39m

  [30;42;1m PASS [39;49;22m[39m Tests\Feature\Auth\PasswordConfirmationTest[39m
  [32;1mΓ£ô[39;22m[39m [2mconfirm password screen can be rendered[22m[39m
  [32;1mΓ£ô[39;22m[39m [2mpassword can be confirmed[22m[39m
  [32;1mΓ£ô[39;22m[39m [2mpassword is not confirmed with invalid password[22m[39m

  [30;42;1m PASS [39;49;22m[39m Tests\Feature\Auth\PasswordResetTest[39m
  [32;1mΓ£ô[39;22m[39m [2mreset password link screen can be rendered[22m[39m
  [32;1mΓ£ô[39;22m[39m [2mreset password link can be requested[22m[39m
  [32;1mΓ£ô[39;22m[39m [2mreset password screen can be rendered[22m[39m
  [32;1mΓ£ô[39;22m[39m [2mpassword can be reset with valid token[22m[39m

  [30;42;1m PASS [39;49;22m[39m Tests\Feature\Auth\RegistrationTest[39m
  [32;1mΓ£ô[39;22m[39m [2mregistration screen can be rendered[22m[39m
  [32;1mΓ£ô[39;22m[39m [2mnew users can register[22m[39m

  [30;42;1m PASS [39;49;22m[39m Tests\Feature\DashboardControllerAdvancedTest[39m
  [32;1mΓ£ô[39;22m[39m [2mdashboard loads without tugas[22m[39m
  [32;1mΓ£ô[39;22m[39m [2mdashboard loads without acara[22m[39m
  [32;1mΓ£ô[39;22m[39m [2mdashboard displays correct date format[22m[39m
  [32;1mΓ£ô[39;22m[39m [2mdashboard returns users own data only[22m[39m
  [32;1mΓ£ô[39;22m[39m [2mdashboard guest cannot access[22m[39m
  [32;1mΓ£ô[39;22m[39m [2mdashboard with avatar null[22m[39m
  [32;1mΓ£ô[39;22m[39m [2mdashboard with empty username[22m[39m

  [30;42;1m PASS [39;49;22m[39m Tests\Feature\DashboardControllerTest[39m
  [32;1mΓ£ô[39;22m[39m [2mauthenticated user can view dashboard[22m[39m
  [32;1mΓ£ô[39;22m[39m [2munauthenticated user cannot view dashboard[22m[39m
  [32;1mΓ£ô[39;22m[39m [2mdashboard displays user tugas[22m[39m
  [32;1mΓ£ô[39;22m[39m [2mdashboard displays user acara[22m[39m
  [32;1mΓ£ô[39;22m[39m [2mdashboard displays completed tugas[22m[39m
  [32;1mΓ£ô[39;22m[39m [2mdashboard shows user avatar[22m[39m
  [32;1mΓ£ô[39;22m[39m [2mdashboard with custom avatar[22m[39m
  [32;1mΓ£ô[39;22m[39m [2mdashboard displays today date[22m[39m

  [30;42;1m PASS [39;49;22m[39m Tests\Feature\ExampleTest[39m
  [32;1mΓ£ô[39;22m[39m [2mexample[22m[39m

  [30;42;1m PASS [39;49;22m[39m Tests\Feature\PasswordControllerTest[39m
  [32;1mΓ£ô[39;22m[39m [2mauthenticated user can view password edit page[22m[39m
  [32;1mΓ£ô[39;22m[39m [2munauthenticated user cannot view password page[22m[39m
  [32;1mΓ£ô[39;22m[39m [2muser can update password with correct current password[22m[39m
  [32;1mΓ£ô[39;22m[39m [2muser cannot update password with wrong current password[22m[39m
  [32;1mΓ£ô[39;22m[39m [2mpassword update requires current password[22m[39m
  [32;1mΓ£ô[39;22m[39m [2mpassword update requires confirmation[22m[39m
  [32;1mΓ£ô[39;22m[39m [2mpassword must be at least 8 characters[22m[39m
  [32;1mΓ£ô[39;22m[39m [2muser gets success message on password update[22m[39m
  [32;1mΓ£ô[39;22m[39m [2mpassword update requires authentication[22m[39m

  [30;42;1m PASS [39;49;22m[39m Tests\Feature\ProfileControllerTest[39m
  [32;1mΓ£ô[39;22m[39m [2mauthenticated user can view profile edit page[22m[39m
  [32;1mΓ£ô[39;22m[39m [2munauthenticated user cannot view profile[22m[39m
  [32;1mΓ£ô[39;22m[39m [2muser can upload profile avatar[22m[39m
  [32;1mΓ£ô[39;22m[39m [2mavatar upload validates image type[22m[39m
  [32;1mΓ£ô[39;22m[39m [2mavatar upload validates max size[22m[39m
  [32;1mΓ£ô[39;22m[39m [2mavatar upload requires file[22m[39m
  [32;1mΓ£ô[39;22m[39m [2mold avatar is deleted on new upload[22m[39m
  [32;1mΓ£ô[39;22m[39m [2mavatar file is stored correctly[22m[39m

  [30;42;1m PASS [39;49;22m[39m Tests\Feature\TugasControllerAdvancedTest[39m
  [32;1mΓ£ô[39;22m[39m [2muser can create tugas with all fields[22m[39m
  [32;1mΓ£ô[39;22m[39m [2muser can create multiple tugas[22m[39m
  [32;1mΓ£ô[39;22m[39m [2mtugas store with empty deskripsi is allowed[22m[39m
  [32;1mΓ£ô[39;22m[39m [2mtugas deadline cannot be in past[22m[39m
  [32;1mΓ£ô[39;22m[39m [2mtugas nama is required[22m[39m
  [32;1mΓ£ô[39;22m[39m [2mtugas deadline is required[22m[39m
  [32;1mΓ£ô[39;22m[39m [2muser can delete tugas successfully[22m[39m
  [32;1mΓ£ô[39;22m[39m [2muser cannot delete tugas of another user[22m[39m
  [32;1mΓ£ô[39;22m[39m [2mtugas creation sets correct user id[22m[39m
  [32;1mΓ£ô[39;22m[39m [2mtugas update request validates input[22m[39m
  [32;1mΓ£ô[39;22m[39m [2mlong tugas name is rejected[22m[39m
  [32;1mΓ£ô[39;22m[39m [2mtugas shows success message on creation[22m[39m

  [30;42;1m PASS [39;49;22m[39m Tests\Feature\TugasControllerTest[39m
  [32;1mΓ£ô[39;22m[39m [2mauthenticated user can create tugas[22m[39m
  [32;1mΓ£ô[39;22m[39m [2mtugas store requires authenticated user[22m[39m
  [32;1mΓ£ô[39;22m[39m [2mtugas store validates required fields[22m[39m
  [32;1mΓ£ô[39;22m[39m [2mtugas store validates deadline format[22m[39m
  [32;1mΓ£ô[39;22m[39m [2mtugas store validates nama tugas max length[22m[39m
  [32;1mΓ£ô[39;22m[39m [2muser can delete own tugas[22m[39m
  [32;1mΓ£ô[39;22m[39m [2muser cannot delete others tugas[22m[39m
  [32;1mΓ£ô[39;22m[39m [2mtugas destroy requires authentication[22m[39m
  [32;1mΓ£ô[39;22m[39m [2muser can see success message after creating tugas[22m[39m

  [37;1mTests:  [39;22m[32;1m130 passed[39;22m
  [37;1mTime:   [39;22m[39m7.23s[39m

